../Core/Src/main.c:118:5:main	8	static
../Core/Src/main.c:242:6:SystemClock_Config	88	static
../Core/Src/main.c:288:13:MX_I2C1_Init	8	static
../Core/Src/main.c:322:13:MX_I2S3_Init	8	static
../Core/Src/main.c:356:13:MX_TIM14_Init	8	static
../Core/Src/main.c:387:13:MX_USART2_UART_Init	8	static
../Core/Src/main.c:420:13:MX_USART3_UART_Init	8	static
../Core/Src/main.c:453:13:MX_GPIO_Init	56	static
../Core/Src/main.c:583:6:HAL_TIM_PeriodElapsedCallback	16	static
../Core/Src/main.c:645:6:delay_us	16	static
../Core/Src/main.c:651:6:HAL_UART_RxCpltCallback	24	static
../Core/Src/main.c:667:6:HAL_GPIO_EXTI_Callback	16	static
../Core/Src/main.c:704:6:Error_Handler	4	static,ignoring_inline_asm
