../Core/Src/main.c:103:5:main	32	static
../Core/Src/main.c:211:6:SystemClock_Config	88	static
../Core/Src/main.c:257:13:MX_I2C1_Init	8	static
../Core/Src/main.c:291:13:MX_I2S3_Init	8	static
../Core/Src/main.c:325:13:MX_SPI1_Init	8	static
../Core/Src/main.c:363:13:MX_TIM14_Init	8	static
../Core/Src/main.c:394:13:MX_USART2_UART_Init	8	static
../Core/Src/main.c:427:13:MX_USART3_UART_Init	8	static
../Core/Src/main.c:460:13:MX_GPIO_Init	56	static
../Core/Src/main.c:570:6:HAL_TIM_PeriodElapsedCallback	24	static
../Core/Src/main.c:610:6:delay_us	16	static
../Core/Src/main.c:616:6:HAL_UART_RxCpltCallback	16	static
../Core/Src/main.c:630:6:Error_Handler	4	static,ignoring_inline_asm
